#functions: 2
#global vars: 1
#local vars: 3
#statements: 13
