#functions: 2
#global vars: 1
#local vars: 0
#statements: 7
