#functions: 1
#global vars: 1
#local vars: 1
#statements: 13
